// Jest Snapshot v1, https://goo.gl/fbAQLP

exports[`Loading component jest Snapshot testing matches Loading Snapshot 1`] = `
<DocumentFragment>
  <div
    class="css-817ns3"
  >
    <div
      class="chakra-spinner css-1y7joxr"
    >
      <span
        class="css-8b45rq"
      >
        Loading...
      </span>
    </div>
  </div>
</DocumentFragment>
`;
