// Jest Snapshot v1, https://goo.gl/fbAQLP

exports[`Select render match with snapshot 1`] = `
<select
  class="chakra-select css-1ik61og"
  data-testid="select"
>
  <option
    value="1"
  >
    Option 1
  </option>
  <option
    value="2"
  >
    Option 2
  </option>
  <option
    value="3"
  >
    Option 3
  </option>
</select>
`;
